// Jest Snapshot v1, https://goo.gl/fbAQLP

exports[`Sidebar component make snapshot 1`] = `ShallowWrapper {}`;
