// Jest Snapshot v1, https://goo.gl/fbAQLP

exports[`Layout component make snapshot 1`] = `ShallowWrapper {}`;
