// Jest Snapshot v1, https://goo.gl/fbAQLP

exports[`Post component should render Post component correctly 1`] = `ShallowWrapper {}`;
