// Jest Snapshot v1, https://goo.gl/fbAQLP

exports[`App component make snapshot 1`] = `
<div
  className="App"
>
  <Layout>
    <Connect(PostsContainer) />
  </Layout>
</div>
`;
